// Jest Snapshot v1, https://goo.gl/fbAQLP

exports[`Map renders consistently 1`] = `
<DocumentFragment>
  <mock-deckgl>
    <mock-mapgl />
  </mock-deckgl>
</DocumentFragment>
`;
