// Jest Snapshot v1, https://goo.gl/fbAQLP

exports[`Map renders consistently 1`] = `
<DocumentFragment>
  <main
    class=""
    id="map"
  />
</DocumentFragment>
`;
